mode: set
github.com/extmatperez/meli_bootcamp2/tree/archuby_federico/12_testing3/afternoon/internal/users/service.go:15.48,17.2 1 1
github.com/extmatperez/meli_bootcamp2/tree/archuby_federico/12_testing3/afternoon/internal/users/service.go:19.46,21.16 2 1
github.com/extmatperez/meli_bootcamp2/tree/archuby_federico/12_testing3/afternoon/internal/users/service.go:25.2,25.19 1 1
github.com/extmatperez/meli_bootcamp2/tree/archuby_federico/12_testing3/afternoon/internal/users/service.go:21.16,23.3 1 1
github.com/extmatperez/meli_bootcamp2/tree/archuby_federico/12_testing3/afternoon/internal/users/service.go:28.125,31.16 2 1
github.com/extmatperez/meli_bootcamp2/tree/archuby_federico/12_testing3/afternoon/internal/users/service.go:35.2,38.16 3 1
github.com/extmatperez/meli_bootcamp2/tree/archuby_federico/12_testing3/afternoon/internal/users/service.go:42.2,42.18 1 1
github.com/extmatperez/meli_bootcamp2/tree/archuby_federico/12_testing3/afternoon/internal/users/service.go:31.16,33.3 1 1
github.com/extmatperez/meli_bootcamp2/tree/archuby_federico/12_testing3/afternoon/internal/users/service.go:38.16,40.3 1 0
github.com/extmatperez/meli_bootcamp2/tree/archuby_federico/12_testing3/afternoon/internal/users/service.go:45.134,47.16 2 1
github.com/extmatperez/meli_bootcamp2/tree/archuby_federico/12_testing3/afternoon/internal/users/service.go:51.2,51.18 1 1
github.com/extmatperez/meli_bootcamp2/tree/archuby_federico/12_testing3/afternoon/internal/users/service.go:47.16,49.3 1 1
github.com/extmatperez/meli_bootcamp2/tree/archuby_federico/12_testing3/afternoon/internal/users/service.go:54.87,56.16 2 0
github.com/extmatperez/meli_bootcamp2/tree/archuby_federico/12_testing3/afternoon/internal/users/service.go:60.2,60.18 1 0
github.com/extmatperez/meli_bootcamp2/tree/archuby_federico/12_testing3/afternoon/internal/users/service.go:56.16,58.3 1 0
github.com/extmatperez/meli_bootcamp2/tree/archuby_federico/12_testing3/afternoon/internal/users/service.go:63.50,65.16 2 1
github.com/extmatperez/meli_bootcamp2/tree/archuby_federico/12_testing3/afternoon/internal/users/service.go:69.2,69.25 1 1
github.com/extmatperez/meli_bootcamp2/tree/archuby_federico/12_testing3/afternoon/internal/users/service.go:65.16,67.3 1 1
github.com/extmatperez/meli_bootcamp2/tree/archuby_federico/12_testing3/afternoon/internal/users/repository.go:31.47,35.2 1 1
github.com/extmatperez/meli_bootcamp2/tree/archuby_federico/12_testing3/afternoon/internal/users/repository.go:37.47,40.16 3 1
github.com/extmatperez/meli_bootcamp2/tree/archuby_federico/12_testing3/afternoon/internal/users/repository.go:44.2,44.19 1 1
github.com/extmatperez/meli_bootcamp2/tree/archuby_federico/12_testing3/afternoon/internal/users/repository.go:40.16,42.3 1 1
github.com/extmatperez/meli_bootcamp2/tree/archuby_federico/12_testing3/afternoon/internal/users/repository.go:47.44,50.16 3 1
github.com/extmatperez/meli_bootcamp2/tree/archuby_federico/12_testing3/afternoon/internal/users/repository.go:54.2,54.35 1 1
github.com/extmatperez/meli_bootcamp2/tree/archuby_federico/12_testing3/afternoon/internal/users/repository.go:57.2,57.36 1 1
github.com/extmatperez/meli_bootcamp2/tree/archuby_federico/12_testing3/afternoon/internal/users/repository.go:50.16,52.3 1 1
github.com/extmatperez/meli_bootcamp2/tree/archuby_federico/12_testing3/afternoon/internal/users/repository.go:54.35,56.3 1 0
github.com/extmatperez/meli_bootcamp2/tree/archuby_federico/12_testing3/afternoon/internal/users/repository.go:60.134,63.16 3 1
github.com/extmatperez/meli_bootcamp2/tree/archuby_federico/12_testing3/afternoon/internal/users/repository.go:67.2,71.16 4 1
github.com/extmatperez/meli_bootcamp2/tree/archuby_federico/12_testing3/afternoon/internal/users/repository.go:75.2,75.15 1 1
github.com/extmatperez/meli_bootcamp2/tree/archuby_federico/12_testing3/afternoon/internal/users/repository.go:63.16,65.3 1 0
github.com/extmatperez/meli_bootcamp2/tree/archuby_federico/12_testing3/afternoon/internal/users/repository.go:71.16,73.3 1 0
github.com/extmatperez/meli_bootcamp2/tree/archuby_federico/12_testing3/afternoon/internal/users/repository.go:78.135,81.16 3 1
github.com/extmatperez/meli_bootcamp2/tree/archuby_federico/12_testing3/afternoon/internal/users/repository.go:85.2,85.16 1 1
github.com/extmatperez/meli_bootcamp2/tree/archuby_federico/12_testing3/afternoon/internal/users/repository.go:89.2,91.42 3 1
github.com/extmatperez/meli_bootcamp2/tree/archuby_federico/12_testing3/afternoon/internal/users/repository.go:95.2,95.21 1 1
github.com/extmatperez/meli_bootcamp2/tree/archuby_federico/12_testing3/afternoon/internal/users/repository.go:99.2,102.16 3 1
github.com/extmatperez/meli_bootcamp2/tree/archuby_federico/12_testing3/afternoon/internal/users/repository.go:106.2,106.15 1 1
github.com/extmatperez/meli_bootcamp2/tree/archuby_federico/12_testing3/afternoon/internal/users/repository.go:81.16,83.3 1 1
github.com/extmatperez/meli_bootcamp2/tree/archuby_federico/12_testing3/afternoon/internal/users/repository.go:85.16,87.3 1 0
github.com/extmatperez/meli_bootcamp2/tree/archuby_federico/12_testing3/afternoon/internal/users/repository.go:91.42,93.3 1 1
github.com/extmatperez/meli_bootcamp2/tree/archuby_federico/12_testing3/afternoon/internal/users/repository.go:95.21,97.3 1 0
github.com/extmatperez/meli_bootcamp2/tree/archuby_federico/12_testing3/afternoon/internal/users/repository.go:102.16,104.3 1 0
github.com/extmatperez/meli_bootcamp2/tree/archuby_federico/12_testing3/afternoon/internal/users/repository.go:109.88,112.16 3 1
github.com/extmatperez/meli_bootcamp2/tree/archuby_federico/12_testing3/afternoon/internal/users/repository.go:116.2,117.42 2 1
github.com/extmatperez/meli_bootcamp2/tree/archuby_federico/12_testing3/afternoon/internal/users/repository.go:121.2,121.21 1 1
github.com/extmatperez/meli_bootcamp2/tree/archuby_federico/12_testing3/afternoon/internal/users/repository.go:125.2,129.16 4 1
github.com/extmatperez/meli_bootcamp2/tree/archuby_federico/12_testing3/afternoon/internal/users/repository.go:133.2,133.22 1 1
github.com/extmatperez/meli_bootcamp2/tree/archuby_federico/12_testing3/afternoon/internal/users/repository.go:112.16,114.3 1 0
github.com/extmatperez/meli_bootcamp2/tree/archuby_federico/12_testing3/afternoon/internal/users/repository.go:117.42,119.3 1 1
github.com/extmatperez/meli_bootcamp2/tree/archuby_federico/12_testing3/afternoon/internal/users/repository.go:121.21,123.3 1 1
github.com/extmatperez/meli_bootcamp2/tree/archuby_federico/12_testing3/afternoon/internal/users/repository.go:129.16,131.3 1 0
github.com/extmatperez/meli_bootcamp2/tree/archuby_federico/12_testing3/afternoon/internal/users/repository.go:136.51,140.16 3 1
github.com/extmatperez/meli_bootcamp2/tree/archuby_federico/12_testing3/afternoon/internal/users/repository.go:144.2,145.42 2 1
github.com/extmatperez/meli_bootcamp2/tree/archuby_federico/12_testing3/afternoon/internal/users/repository.go:149.2,149.21 1 1
github.com/extmatperez/meli_bootcamp2/tree/archuby_federico/12_testing3/afternoon/internal/users/repository.go:153.2,156.16 3 1
github.com/extmatperez/meli_bootcamp2/tree/archuby_federico/12_testing3/afternoon/internal/users/repository.go:160.2,160.18 1 1
github.com/extmatperez/meli_bootcamp2/tree/archuby_federico/12_testing3/afternoon/internal/users/repository.go:140.16,142.3 1 1
github.com/extmatperez/meli_bootcamp2/tree/archuby_federico/12_testing3/afternoon/internal/users/repository.go:145.42,147.3 1 0
github.com/extmatperez/meli_bootcamp2/tree/archuby_federico/12_testing3/afternoon/internal/users/repository.go:149.21,151.3 1 1
github.com/extmatperez/meli_bootcamp2/tree/archuby_federico/12_testing3/afternoon/internal/users/repository.go:156.16,158.3 1 0
